###############################################################################
#
# IAR ELF Linker V7.60.2.11341/W32 for ARM                01/Feb/2018  17:30:54
# Copyright 2007-2016 IAR Systems AB.
#
#    Output file  =  
#        D:\sunray\code\ConcentratorNetWork---SYRUNS\App\Project\Debug\Exe\SRWF-6009.out
#    Map file     =  
#        D:\sunray\code\ConcentratorNetWork---SYRUNS\App\Project\Debug\List\SRWF-6009.map
#    Command line =  
#        D:\sunray\code\ConcentratorNetWork---SYRUNS\App\Project\Debug\Obj\Bsp.o
#        D:\sunray\code\ConcentratorNetWork---SYRUNS\App\Project\Debug\Obj\Common.o
#        D:\sunray\code\ConcentratorNetWork---SYRUNS\App\Project\Debug\Obj\core_cm3.o
#        D:\sunray\code\ConcentratorNetWork---SYRUNS\App\Project\Debug\Obj\Database.o
#        D:\sunray\code\ConcentratorNetWork---SYRUNS\App\Project\Debug\Obj\DataHandle.o
#        D:\sunray\code\ConcentratorNetWork---SYRUNS\App\Project\Debug\Obj\Eeprom.o
#        D:\sunray\code\ConcentratorNetWork---SYRUNS\App\Project\Debug\Obj\Flash.o
#        D:\sunray\code\ConcentratorNetWork---SYRUNS\App\Project\Debug\Obj\Gprs.o
#        D:\sunray\code\ConcentratorNetWork---SYRUNS\App\Project\Debug\Obj\Led.o
#        D:\sunray\code\ConcentratorNetWork---SYRUNS\App\Project\Debug\Obj\Main.o
#        D:\sunray\code\ConcentratorNetWork---SYRUNS\App\Project\Debug\Obj\misc.o
#        D:\sunray\code\ConcentratorNetWork---SYRUNS\App\Project\Debug\Obj\os_core.o
#        D:\sunray\code\ConcentratorNetWork---SYRUNS\App\Project\Debug\Obj\os_cpu_a.o
#        D:\sunray\code\ConcentratorNetWork---SYRUNS\App\Project\Debug\Obj\os_cpu_c.o
#        D:\sunray\code\ConcentratorNetWork---SYRUNS\App\Project\Debug\Obj\os_dbg.o
#        D:\sunray\code\ConcentratorNetWork---SYRUNS\App\Project\Debug\Obj\os_flag.o
#        D:\sunray\code\ConcentratorNetWork---SYRUNS\App\Project\Debug\Obj\os_mbox.o
#        D:\sunray\code\ConcentratorNetWork---SYRUNS\App\Project\Debug\Obj\os_mem.o
#        D:\sunray\code\ConcentratorNetWork---SYRUNS\App\Project\Debug\Obj\os_mutex.o
#        D:\sunray\code\ConcentratorNetWork---SYRUNS\App\Project\Debug\Obj\os_q.o
#        D:\sunray\code\ConcentratorNetWork---SYRUNS\App\Project\Debug\Obj\os_sem.o
#        D:\sunray\code\ConcentratorNetWork---SYRUNS\App\Project\Debug\Obj\os_task.o
#        D:\sunray\code\ConcentratorNetWork---SYRUNS\App\Project\Debug\Obj\os_time.o
#        D:\sunray\code\ConcentratorNetWork---SYRUNS\App\Project\Debug\Obj\os_tmr.o
#        D:\sunray\code\ConcentratorNetWork---SYRUNS\App\Project\Debug\Obj\Rtc.o
#        D:\sunray\code\ConcentratorNetWork---SYRUNS\App\Project\Debug\Obj\SerialPort.o
#        D:\sunray\code\ConcentratorNetWork---SYRUNS\App\Project\Debug\Obj\startup_stm32f10x_hd.o
#        D:\sunray\code\ConcentratorNetWork---SYRUNS\App\Project\Debug\Obj\stm32f10x_adc.o
#        D:\sunray\code\ConcentratorNetWork---SYRUNS\App\Project\Debug\Obj\stm32f10x_bkp.o
#        D:\sunray\code\ConcentratorNetWork---SYRUNS\App\Project\Debug\Obj\stm32f10x_dma.o
#        D:\sunray\code\ConcentratorNetWork---SYRUNS\App\Project\Debug\Obj\stm32f10x_flash.o
#        D:\sunray\code\ConcentratorNetWork---SYRUNS\App\Project\Debug\Obj\stm32f10x_gpio.o
#        D:\sunray\code\ConcentratorNetWork---SYRUNS\App\Project\Debug\Obj\stm32f10x_i2c.o
#        D:\sunray\code\ConcentratorNetWork---SYRUNS\App\Project\Debug\Obj\stm32f10x_it.o
#        D:\sunray\code\ConcentratorNetWork---SYRUNS\App\Project\Debug\Obj\stm32f10x_iwdg.o
#        D:\sunray\code\ConcentratorNetWork---SYRUNS\App\Project\Debug\Obj\stm32f10x_pwr.o
#        D:\sunray\code\ConcentratorNetWork---SYRUNS\App\Project\Debug\Obj\stm32f10x_rcc.o
#        D:\sunray\code\ConcentratorNetWork---SYRUNS\App\Project\Debug\Obj\stm32f10x_rtc.o
#        D:\sunray\code\ConcentratorNetWork---SYRUNS\App\Project\Debug\Obj\stm32f10x_tim.o
#        D:\sunray\code\ConcentratorNetWork---SYRUNS\App\Project\Debug\Obj\stm32f10x_usart.o
#        D:\sunray\code\ConcentratorNetWork---SYRUNS\App\Project\Debug\Obj\Timer.o
#        D:\sunray\code\ConcentratorNetWork---SYRUNS\App\Project\Debug\Obj\usb_core.o
#        D:\sunray\code\ConcentratorNetWork---SYRUNS\App\Project\Debug\Obj\usb_desc.o
#        D:\sunray\code\ConcentratorNetWork---SYRUNS\App\Project\Debug\Obj\usb_init.o
#        D:\sunray\code\ConcentratorNetWork---SYRUNS\App\Project\Debug\Obj\usb_int.o
#        D:\sunray\code\ConcentratorNetWork---SYRUNS\App\Project\Debug\Obj\usb_istr.o
#        D:\sunray\code\ConcentratorNetWork---SYRUNS\App\Project\Debug\Obj\usb_mem.o
#        D:\sunray\code\ConcentratorNetWork---SYRUNS\App\Project\Debug\Obj\usb_prop.o
#        D:\sunray\code\ConcentratorNetWork---SYRUNS\App\Project\Debug\Obj\usb_pwr.o
#        D:\sunray\code\ConcentratorNetWork---SYRUNS\App\Project\Debug\Obj\usb_regs.o
#        --redirect _Printf=_PrintfFull --redirect _Scanf=_ScanfFull -o
#        D:\sunray\code\ConcentratorNetWork---SYRUNS\App\Project\Debug\Exe\SRWF-6009.out
#        --map
#        D:\sunray\code\ConcentratorNetWork---SYRUNS\App\Project\Debug\List\SRWF-6009.map
#        --config
#        D:\sunray\code\ConcentratorNetWork---SYRUNS\App\Project\stm32f10x_flash.icf
#        --semihosting --entry __iar_program_start --vfe
#
###############################################################################

*******************************************************************************
*** RUNTIME MODEL ATTRIBUTES
***

CppFlavor       = *
__SystemLibrary = DLib


*******************************************************************************
*** PLACEMENT SUMMARY
***

"A1":  place at 0x08004000 { ro section .intvec };
"P1":  place in [from 0x08004000 to 0x0807ffff] { ro };
"P2":  place in [from 0x20000000 to 0x2000ffff] { rw, block CSTACK, block HEAP };
initialize by copy { rw };

  Section            Kind        Address    Size  Object
  -------            ----        -------    ----  ------
"A1":                                      0x130
  .intvec            ro code  0x08004000   0x130  startup_stm32f10x_hd.o [1]
                            - 0x08004130   0x130

"P1":                                     0xe093
  .text              ro code  0x08004130  0x33ac  DataHandle.o [1]
  .text              ro code  0x080074dc    0x62  memcmp_unaligned.o [4]
  .rodata            const    0x0800753e     0x2  DataHandle.o [1]
  .text              ro code  0x08007540    0x76  ABImemcpy_unaligned.o [4]
  .rodata            const    0x080075b6     0x2  Flash.o [1]
  .text              ro code  0x080075b8   0x20c  os_mem.o [1]
  .text              ro code  0x080077c4    0x66  ABImemset.o [4]
  .text              ro code  0x0800782a   0x16e  Common.o [1]
  .text              ro code  0x08007998  0x1228  Database.o [1]
  .text              ro code  0x08008bc0   0x3c4  os_mbox.o [1]
  .text              ro code  0x08008f84   0x566  os_flag.o [1]
  .rodata            const    0x080094ea     0x2  Flash.o [1]
  .text              ro code  0x080094ec   0x28e  Flash.o [1]
  .rodata            const    0x0800977a     0x2  os_dbg.o [1]
  .text              ro code  0x0800977c   0x618  Eeprom.o [1]
  .text              ro code  0x08009d94  0x1e04  Gprs.o [1]
  .text              ro code  0x0800bb98   0xb38  os_core.o [1]
  .text              ro code  0x0800c6d0   0x68c  os_task.o [1]
  .text              ro code  0x0800cd5c   0x3d8  Rtc.o [1]
  .text              ro code  0x0800d134   0x124  os_time.o [1]
  .text              ro code  0x0800d258    0x36  strlen.o [4]
  .rodata            const    0x0800d28e     0x2  os_dbg.o [1]
  .text              ro code  0x0800d290    0x44  strcpy_unaligned.o [4]
  .text              ro code  0x0800d2d4   0x24c  Led.o [1]
  .text              ro code  0x0800d520    0x38  stm32f10x_iwdg.o [1]
  .text              ro code  0x0800d558   0x176  stm32f10x_flash.o [1]
  .rodata            const    0x0800d6ce     0x2  os_dbg.o [1]
  .text              ro code  0x0800d6d0   0x1ec  stm32f10x_dma.o [1]
  .text              ro code  0x0800d8bc   0x258  stm32f10x_i2c.o [1]
  .text              ro code  0x0800db14   0x32c  stm32f10x_rcc.o [1]
  .text              ro code  0x0800de40   0x154  stm32f10x_gpio.o [1]
  .text              ro code  0x0800df94    0x90  misc.o [1]
  .text              ro code  0x0800e024   0x5b0  os_mutex.o [1]
  .text              ro code  0x0800e5d4     0x8  Gprs.o [1]
  .text              ro code  0x0800e5dc    0x2c  strncmp.o [3]
  .text              ro code  0x0800e608    0x1c  strcat.o [3]
  .text              ro code  0x0800e624    0xb4  os_cpu_c.o [1]
  .text              ro code  0x0800e6d8   0x118  os_dbg.o [1]
  CODE               ro code  0x0800e7f0    0xac  os_cpu_a.o [1]
  .text              ro code  0x0800e89c    0xc0  stm32f10x_rtc.o [1]
  .text              ro code  0x0800e95c    0x38  stm32f10x_pwr.o [1]
  .text              ro code  0x0800e994    0x4c  stm32f10x_bkp.o [1]
  .text              ro code  0x0800e9e0    0x2e  strstr.o [3]
  .rodata            const    0x0800ea0e     0x2  os_dbg.o [1]
  .text              ro code  0x0800ea10    0x16  strchr.o [4]
  .rodata            const    0x0800ea26     0x2  os_dbg.o [1]
  .text              ro code  0x0800ea28   0xbd6  usb_core.o [1]
  .rodata            const    0x0800f5fe     0x2  os_dbg.o [1]
  .text              ro code  0x0800f600   0x288  usb_regs.o [1]
  .text              ro code  0x0800f888    0x58  usb_mem.o [1]
  .text              ro code  0x0800f8e0   0xb08  SerialPort.o [1]
  .text              ro code  0x080103e8   0x1da  stm32f10x_usart.o [1]
  .rodata            const    0x080105c2     0x2  os_dbg.o [1]
  .text              ro code  0x080105c4    0x40  usb_init.o [1]
  .text              ro code  0x08010604   0x2ec  stm32f10x_tim.o [1]
  .text              ro code  0x080108f0   0x2e8  Bsp.o [1]
  .text              ro code  0x08010bd8    0xdc  Timer.o [1]
  .text              ro code  0x08010cb4   0x2b4  usb_int.o [1]
  .text              ro code  0x08010f68   0x280  Main.o [1]
  .text              ro code  0x080111e8   0x254  usb_prop.o [1]
  .text              ro code  0x0801143c    0x3c  usb_pwr.o [1]
  .text              ro code  0x08011478    0x1a  stm32f10x_adc.o [1]
  .rodata            const    0x08011492     0x2  os_dbg.o [1]
  .rodata            const    0x08011494   0x100  os_core.o [1]
  .text              ro code  0x08011594    0x78  lz77_init_single.o [4]
  .text              ro code  0x0801160c    0x4c  usb_istr.o [1]
  .rodata            const    0x08011658    0x40  usb_desc.o [1]
  .text              ro code  0x08011698    0x40  zero_init3.o [4]
  .rodata            const    0x080116d8    0x3c  Gprs.o [1]
  .rodata            const    0x08011714    0x34  Gprs.o [1]
  .rodata            const    0x08011748    0x2c  usb_desc.o [1]
  .text              ro code  0x08011774    0x2a  stm32f10x_it.o [1]
  .rodata            const    0x0801179e     0x2  os_dbg.o [1]
  .rodata            const    0x080117a0    0x28  usb_desc.o [1]
  .text              ro code  0x080117c8    0x28  data_init.o [4]
  .rodata            const    0x080117f0    0x24  Gprs.o [1]
  .rodata            const    0x08011814    0x24  Gprs.o [1]
  .iar.init_table    const    0x08011838    0x20  - Linker created -
  .rodata            const    0x08011858    0x20  Gprs.o [1]
  .rodata            const    0x08011878    0x20  Led.o [1]
  .rodata            const    0x08011898    0x20  Main.o [1]
  .rodata            const    0x080118b8    0x1c  DataHandle.o [1]
  .rodata            const    0x080118d4    0x1c  Gprs.o [1]
  .rodata            const    0x080118f0    0x1c  Gprs.o [1]
  .rodata            const    0x0801190c    0x1c  Gprs.o [1]
  .rodata            const    0x08011928    0x1c  Gprs.o [1]
  .rodata            const    0x08011944    0x1c  Gprs.o [1]
  .rodata            const    0x08011960    0x1c  Gprs.o [1]
  .rodata            const    0x0801197c    0x1c  Gprs.o [1]
  .rodata            const    0x08011998    0x1c  Gprs.o [1]
  .rodata            const    0x080119b4    0x1c  Gprs.o [1]
  .rodata            const    0x080119d0    0x1c  Gprs.o [1]
  .rodata            const    0x080119ec    0x1c  Gprs.o [1]
  .rodata            const    0x08011a08    0x1c  usb_desc.o [1]
  .text              ro code  0x08011a24    0x1a  cmain.o [4]
  .text              ro code  0x08011a3e     0x4  low_level_init.o [3]
  .text              ro code  0x08011a42     0x4  exit.o [3]
  .rodata            const    0x08011a46     0x2  os_dbg.o [1]
  .text              ro code  0x08011a48     0xa  cexit.o [4]
  .rodata            const    0x08011a52     0x2  os_dbg.o [1]
  .text              ro code  0x08011a54    0x14  exit.o [5]
  .rodata            const    0x08011a68    0x18  DataHandle.o [1]
  .rodata            const    0x08011a80    0x18  Gprs.o [1]
  .rodata            const    0x08011a98    0x18  Gprs.o [1]
  .rodata            const    0x08011ab0    0x18  Gprs.o [1]
  .rodata            const    0x08011ac8    0x18  Gprs.o [1]
  .rodata            const    0x08011ae0    0x18  Gprs.o [1]
  .rodata            const    0x08011af8    0x18  Gprs.o [1]
  .rodata            const    0x08011b10    0x18  Gprs.o [1]
  .rodata            const    0x08011b28    0x18  Gprs.o [1]
  .rodata            const    0x08011b40    0x18  Gprs.o [1]
  .rodata            const    0x08011b58    0x18  Gprs.o [1]
  .rodata            const    0x08011b70    0x14  DataHandle.o [1]
  .rodata            const    0x08011b84    0x14  Gprs.o [1]
  .rodata            const    0x08011b98    0x14  Gprs.o [1]
  .rodata            const    0x08011bac    0x14  Gprs.o [1]
  .rodata            const    0x08011bc0    0x14  Gprs.o [1]
  .rodata            const    0x08011bd4    0x14  Gprs.o [1]
  .rodata            const    0x08011be8    0x14  Gprs.o [1]
  .rodata            const    0x08011bfc    0x14  Gprs.o [1]
  .rodata            const    0x08011c10    0x14  Gprs.o [1]
  .rodata            const    0x08011c24    0x14  Gprs.o [1]
  .rodata            const    0x08011c38    0x14  Gprs.o [1]
  .rodata            const    0x08011c4c    0x14  Gprs.o [1]
  .rodata            const    0x08011c60    0x14  usb_desc.o [1]
  .rodata            const    0x08011c74    0x10  Gprs.o [1]
  .rodata            const    0x08011c84    0x10  Gprs.o [1]
  .rodata            const    0x08011c94    0x10  Gprs.o [1]
  .rodata            const    0x08011ca4    0x10  Gprs.o [1]
  .rodata            const    0x08011cb4    0x10  Gprs.o [1]
  .rodata            const    0x08011cc4    0x10  Gprs.o [1]
  .rodata            const    0x08011cd4    0x10  Gprs.o [1]
  .rodata            const    0x08011ce4    0x10  Gprs.o [1]
  .rodata            const    0x08011cf4    0x10  Gprs.o [1]
  .rodata            const    0x08011d04    0x10  Gprs.o [1]
  .rodata            const    0x08011d14    0x10  Gprs.o [1]
  .rodata            const    0x08011d24    0x10  Gprs.o [1]
  .rodata            const    0x08011d34    0x10  Gprs.o [1]
  .rodata            const    0x08011d44    0x10  Gprs.o [1]
  .rodata            const    0x08011d54    0x10  Gprs.o [1]
  .rodata            const    0x08011d64    0x10  Gprs.o [1]
  .rodata            const    0x08011d74    0x10  Gprs.o [1]
  .rodata            const    0x08011d84    0x10  Gprs.o [1]
  .rodata            const    0x08011d94    0x10  Gprs.o [1]
  .rodata            const    0x08011da4    0x10  Gprs.o [1]
  .text              ro code  0x08011db4    0x10  startup_stm32f10x_hd.o [1]
  .rodata            const    0x08011dc4     0xc  Gprs.o [1]
  .rodata            const    0x08011dd0     0xc  Gprs.o [1]
  .rodata            const    0x08011ddc     0xc  Gprs.o [1]
  .rodata            const    0x08011de8     0xc  Gprs.o [1]
  .rodata            const    0x08011df4     0xc  Gprs.o [1]
  .rodata            const    0x08011e00     0xc  Gprs.o [1]
  .rodata            const    0x08011e0c     0xc  Gprs.o [1]
  .rodata            const    0x08011e18     0xc  Gprs.o [1]
  .rodata            const    0x08011e24     0xc  Gprs.o [1]
  .rodata            const    0x08011e30     0xc  Gprs.o [1]
  .rodata            const    0x08011e3c     0xc  Gprs.o [1]
  .rodata            const    0x08011e48     0xc  Gprs.o [1]
  .rodata            const    0x08011e54     0xc  Gprs.o [1]
  .rodata            const    0x08011e60     0xc  Gprs.o [1]
  .rodata            const    0x08011e6c     0xc  Gprs.o [1]
  .rodata            const    0x08011e78     0xc  Gprs.o [1]
  .rodata            const    0x08011e84     0xc  Gprs.o [1]
  .rodata            const    0x08011e90     0xc  Gprs.o [1]
  .rodata            const    0x08011e9c     0xc  Gprs.o [1]
  .rodata            const    0x08011ea8     0xc  Gprs.o [1]
  .rodata            const    0x08011eb4     0xc  Gprs.o [1]
  .rodata            const    0x08011ec0     0xc  Gprs.o [1]
  .rodata            const    0x08011ecc     0xc  Gprs.o [1]
  .rodata            const    0x08011ed8     0xc  Gprs.o [1]
  .rodata            const    0x08011ee4     0xc  Gprs.o [1]
  .rodata            const    0x08011ef0     0xc  Gprs.o [1]
  .rodata            const    0x08011efc     0xc  Gprs.o [1]
  .rodata            const    0x08011f08     0xc  Gprs.o [1]
  .rodata            const    0x08011f14     0xc  Gprs.o [1]
  .rodata            const    0x08011f20     0xc  Gprs.o [1]
  .rodata            const    0x08011f2c     0xc  Gprs.o [1]
  .rodata            const    0x08011f38     0xc  Gprs.o [1]
  .rodata            const    0x08011f44     0xc  Gprs.o [1]
  .rodata            const    0x08011f50     0xc  Rtc.o [1]
  .text              ro code  0x08011f5c     0xc  cstartup_M.o [4]
  .rodata            const    0x08011f68     0x8  DataHandle.o [1]
  .rodata            const    0x08011f70     0x8  Flash.o [1]
  .rodata            const    0x08011f78     0x8  Gprs.o [1]
  .rodata            const    0x08011f80     0x8  Gprs.o [1]
  .rodata            const    0x08011f88     0x8  Gprs.o [1]
  .rodata            const    0x08011f90     0x8  Gprs.o [1]
  .rodata            const    0x08011f98     0x8  Gprs.o [1]
  .rodata            const    0x08011fa0     0x8  Gprs.o [1]
  .rodata            const    0x08011fa8     0x8  Gprs.o [1]
  .rodata            const    0x08011fb0     0x8  Gprs.o [1]
  .rodata            const    0x08011fb8     0x8  Gprs.o [1]
  .rodata            const    0x08011fc0     0x8  Gprs.o [1]
  .rodata            const    0x08011fc8     0x8  Gprs.o [1]
  .rodata            const    0x08011fd0     0x8  Gprs.o [1]
  .rodata            const    0x08011fd8     0x4  Flash.o [1]
  .rodata            const    0x08011fdc     0x4  Flash.o [1]
  .rodata            const    0x08011fe0     0x4  Gprs.o [1]
  .rodata            const    0x08011fe4     0x4  os_dbg.o [1]
  .rodata            const    0x08011fe8     0x4  usb_desc.o [1]
  .text              ro code  0x08011fec     0x4  startup_stm32f10x_hd.o [1]
  .text              ro code  0x08011ff0     0x4  startup_stm32f10x_hd.o [1]
  .text              ro code  0x08011ff4     0x4  startup_stm32f10x_hd.o [1]
  .text              ro code  0x08011ff8     0x4  startup_stm32f10x_hd.o [1]
  .text              ro code  0x08011ffc     0x4  startup_stm32f10x_hd.o [1]
  .text              ro code  0x08012000     0x4  startup_stm32f10x_hd.o [1]
  .text              ro code  0x08012004     0x4  startup_stm32f10x_hd.o [1]
  .text              ro code  0x08012008     0x4  startup_stm32f10x_hd.o [1]
  .text              ro code  0x0801200c     0x4  startup_stm32f10x_hd.o [1]
  .text              ro code  0x08012010     0x4  startup_stm32f10x_hd.o [1]
  .text              ro code  0x08012014     0x4  startup_stm32f10x_hd.o [1]
  .text              ro code  0x08012018     0x4  startup_stm32f10x_hd.o [1]
  .text              ro code  0x0801201c     0x4  startup_stm32f10x_hd.o [1]
  .text              ro code  0x08012020     0x4  startup_stm32f10x_hd.o [1]
  .text              ro code  0x08012024     0x4  startup_stm32f10x_hd.o [1]
  .text              ro code  0x08012028     0x4  startup_stm32f10x_hd.o [1]
  .text              ro code  0x0801202c     0x4  startup_stm32f10x_hd.o [1]
  .text              ro code  0x08012030     0x4  startup_stm32f10x_hd.o [1]
  .text              ro code  0x08012034     0x4  startup_stm32f10x_hd.o [1]
  .text              ro code  0x08012038     0x4  startup_stm32f10x_hd.o [1]
  .text              ro code  0x0801203c     0x4  startup_stm32f10x_hd.o [1]
  .text              ro code  0x08012040     0x4  startup_stm32f10x_hd.o [1]
  .text              ro code  0x08012044     0x4  startup_stm32f10x_hd.o [1]
  .text              ro code  0x08012048     0x4  startup_stm32f10x_hd.o [1]
  .text              ro code  0x0801204c     0x4  startup_stm32f10x_hd.o [1]
  .text              ro code  0x08012050     0x4  startup_stm32f10x_hd.o [1]
  .text              ro code  0x08012054     0x4  startup_stm32f10x_hd.o [1]
  .text              ro code  0x08012058     0x4  startup_stm32f10x_hd.o [1]
  .text              ro code  0x0801205c     0x4  startup_stm32f10x_hd.o [1]
  .text              ro code  0x08012060     0x4  startup_stm32f10x_hd.o [1]
  .text              ro code  0x08012064     0x4  startup_stm32f10x_hd.o [1]
  .text              ro code  0x08012068     0x4  startup_stm32f10x_hd.o [1]
  .text              ro code  0x0801206c     0x4  startup_stm32f10x_hd.o [1]
  .text              ro code  0x08012070     0x4  startup_stm32f10x_hd.o [1]
  .text              ro code  0x08012074     0x4  startup_stm32f10x_hd.o [1]
  .text              ro code  0x08012078     0x4  startup_stm32f10x_hd.o [1]
  .text              ro code  0x0801207c     0x4  startup_stm32f10x_hd.o [1]
  .text              ro code  0x08012080     0x4  startup_stm32f10x_hd.o [1]
  .text              ro code  0x08012084     0x4  startup_stm32f10x_hd.o [1]
  .text              ro code  0x08012088     0x4  startup_stm32f10x_hd.o [1]
  .text              ro code  0x0801208c     0x4  startup_stm32f10x_hd.o [1]
  .text              ro code  0x08012090     0x4  startup_stm32f10x_hd.o [1]
  .text              ro code  0x08012094     0x4  startup_stm32f10x_hd.o [1]
  .text              ro code  0x08012098     0x4  startup_stm32f10x_hd.o [1]
  .text              ro code  0x0801209c     0x4  startup_stm32f10x_hd.o [1]
  .text              ro code  0x080120a0     0x4  startup_stm32f10x_hd.o [1]
  .text              ro code  0x080120a4     0x4  startup_stm32f10x_hd.o [1]
  .text              ro code  0x080120a8     0x4  startup_stm32f10x_hd.o [1]
  .text              ro code  0x080120ac     0x4  startup_stm32f10x_hd.o [1]
  .text              ro code  0x080120b0     0x4  startup_stm32f10x_hd.o [1]
  .text              ro code  0x080120b4     0x4  startup_stm32f10x_hd.o [1]
  .rodata            const    0x080120b8     0x2  os_dbg.o [1]
  .rodata            const    0x080120ba     0x2  os_dbg.o [1]
  .rodata            const    0x080120bc     0x2  os_dbg.o [1]
  .rodata            const    0x080120be     0x2  os_dbg.o [1]
  .rodata            const    0x080120c0     0x2  os_dbg.o [1]
  .rodata            const    0x080120c2     0x2  os_dbg.o [1]
  .rodata            const    0x080120c4     0x2  os_dbg.o [1]
  .rodata            const    0x080120c6     0x2  os_dbg.o [1]
  .rodata            const    0x080120c8     0x2  os_dbg.o [1]
  .rodata            const    0x080120ca     0x2  os_dbg.o [1]
  .rodata            const    0x080120cc     0x2  os_dbg.o [1]
  .rodata            const    0x080120ce     0x2  os_dbg.o [1]
  .rodata            const    0x080120d0     0x2  os_dbg.o [1]
  .rodata            const    0x080120d2     0x2  os_dbg.o [1]
  .rodata            const    0x080120d4     0x2  os_dbg.o [1]
  .rodata            const    0x080120d6     0x2  os_dbg.o [1]
  .rodata            const    0x080120d8     0x2  os_dbg.o [1]
  .rodata            const    0x080120da     0x2  os_dbg.o [1]
  .rodata            const    0x080120dc     0x2  os_dbg.o [1]
  .rodata            const    0x080120de     0x2  os_dbg.o [1]
  .rodata            const    0x080120e0     0x2  os_dbg.o [1]
  .rodata            const    0x080120e2     0x2  os_dbg.o [1]
  .rodata            const    0x080120e4     0x2  os_dbg.o [1]
  .rodata            const    0x080120e6     0x2  os_dbg.o [1]
  .rodata            const    0x080120e8     0x2  os_dbg.o [1]
  .rodata            const    0x080120ea     0x2  os_dbg.o [1]
  .rodata            const    0x080120ec     0x2  os_dbg.o [1]
  .rodata            const    0x080120ee     0x2  os_dbg.o [1]
  .rodata            const    0x080120f0     0x2  os_dbg.o [1]
  .rodata            const    0x080120f2     0x2  os_dbg.o [1]
  .rodata            const    0x080120f4     0x2  os_dbg.o [1]
  .rodata            const    0x080120f6     0x2  os_dbg.o [1]
  .rodata            const    0x080120f8     0x2  os_dbg.o [1]
  .rodata            const    0x080120fa     0x2  os_dbg.o [1]
  .rodata            const    0x080120fc     0x1  Flash.o [1]
  .rodata            const    0x080120fd     0x1  Flash.o [1]
  .rodata            const    0x080120fe     0x0  zero_init3.o [4]
  .rodata            const    0x080120fe     0x0  lz77_init_single.o [4]
  Initializer bytes  const    0x080120fe    0xc5  <for P2-1>
                            - 0x080121c3  0xe093

"P2", part 1 of 3:                         0x131
  P2-1                        0x20000000   0x131  <Init block>
    .data            inited   0x20000000     0x8  Common.o [1]
    .data            inited   0x20000008     0x8  Common.o [1]
    .data            inited   0x20000010     0x8  Common.o [1]
    .data            inited   0x20000018     0x4  Flash.o [1]
    .data            inited   0x2000001c     0x4  Flash.o [1]
    .data            inited   0x20000020     0x4  Flash.o [1]
    .data            inited   0x20000024     0x8  Gprs.o [1]
    .data            inited   0x2000002c    0x10  stm32f10x_rcc.o [1]
    .data            inited   0x2000003c     0x4  stm32f10x_rcc.o [1]
    .data            inited   0x20000040    0x1c  usb_desc.o [1]
    .data            inited   0x2000005c    0x1c  usb_istr.o [1]
    .data            inited   0x20000078    0x1c  usb_istr.o [1]
    .data            inited   0x20000094     0x4  usb_prop.o [1]
    .data            inited   0x20000098    0x30  usb_prop.o [1]
    .data            inited   0x200000c8    0x24  usb_prop.o [1]
    .data            inited   0x200000ec     0x8  usb_prop.o [1]
    .data            inited   0x200000f4     0x8  usb_prop.o [1]
    .data            inited   0x200000fc     0x8  usb_prop.o [1]
    .data            inited   0x20000104     0x8  usb_prop.o [1]
    .data            inited   0x2000010c    0x20  usb_prop.o [1]
    .data            inited   0x2000012c     0x2  DataHandle.o [1]
    .data            inited   0x2000012e     0x2  DataHandle.o [1]
    .data            inited   0x20000130     0x1  DataHandle.o [1]
                            - 0x20000131   0x131

"P2", part 2 of 3:                        0x1400
  CSTACK                      0x20000138  0x1400  <Block>
    CSTACK           uninit   0x20000138  0x1400  <Block tail>
                            - 0x20001538  0x1400

"P2", part 3 of 3:                        0xd378
  .bss               zero     0x20001538  0x5800  Database.o [1]
  .bss               zero     0x20006d38  0x3000  Main.o [1]
  .bss               zero     0x20009d38  0x1f40  Main.o [1]
  .bss               zero     0x2000bc78   0xdac  os_core.o [1]
  .bss               zero     0x2000ca24   0x738  os_core.o [1]
  .bss               zero     0x2000d15c   0x3e8  Main.o [1]
  .bss               zero     0x2000d544   0x2a0  DataHandle.o [1]
  .bss               zero     0x2000d7e4   0x290  SerialPort.o [1]
  .bss               zero     0x2000da74   0x218  Gprs.o [1]
  .bss               zero     0x2000dc8c   0x200  Main.o [1]
  .bss               zero     0x2000de8c   0x200  os_core.o [1]
  .bss               zero     0x2000e08c   0x200  os_core.o [1]
  .bss               zero     0x2000e28c   0x200  os_cpu_c.o [1]
  .bss               zero     0x2000e48c   0x168  Led.o [1]
  .bss               zero     0x2000e5f4   0x100  os_core.o [1]
  .bss               zero     0x2000e6f4    0x78  DataHandle.o [1]
  .bss               zero     0x2000e76c    0x44  Database.o [1]
  .bss               zero     0x2000e7b0    0x3c  os_core.o [1]
  .bss               zero     0x2000e7ec    0x1c  usb_init.o [1]
  .bss               zero     0x2000e808    0x18  os_core.o [1]
  .bss               zero     0x2000e820     0x8  os_core.o [1]
  .bss               zero     0x2000e828     0x4  Bsp.o [1]
  .bss               zero     0x2000e82c     0x4  DataHandle.o [1]
  .bss               zero     0x2000e830     0x4  Eeprom.o [1]
  .bss               zero     0x2000e834     0x4  Main.o [1]
  .bss               zero     0x2000e838     0x4  Main.o [1]
  .bss               zero     0x2000e83c     0x4  Main.o [1]
  .bss               zero     0x2000e840     0x4  Main.o [1]
  .bss               zero     0x2000e844     0x4  os_core.o [1]
  .bss               zero     0x2000e848     0x4  os_core.o [1]
  .bss               zero     0x2000e84c     0x4  os_core.o [1]
  .bss               zero     0x2000e850     0x4  os_core.o [1]
  .bss               zero     0x2000e854     0x4  os_core.o [1]
  .bss               zero     0x2000e858     0x4  os_core.o [1]
  .bss               zero     0x2000e85c     0x4  os_core.o [1]
  .bss               zero     0x2000e860     0x4  os_core.o [1]
  .bss               zero     0x2000e864     0x4  os_core.o [1]
  .bss               zero     0x2000e868     0x4  os_core.o [1]
  .bss               zero     0x2000e86c     0x4  os_core.o [1]
  .bss               zero     0x2000e870     0x4  os_cpu_c.o [1]
  .bss               zero     0x2000e874     0x4  os_cpu_c.o [1]
  .bss               zero     0x2000e878     0x4  Timer.o [1]
  .bss               zero     0x2000e87c     0x4  usb_core.o [1]
  .bss               zero     0x2000e880     0x4  usb_init.o [1]
  .bss               zero     0x2000e884     0x4  usb_init.o [1]
  .bss               zero     0x2000e888     0x4  usb_init.o [1]
  .bss               zero     0x2000e88c     0x4  usb_prop.o [1]
  .bss               zero     0x2000e890     0x4  usb_pwr.o [1]
  .bss               zero     0x2000e894     0x2  DataHandle.o [1]
  .bss               zero     0x2000e896     0x2  usb_init.o [1]
  .bss               zero     0x2000e898     0x2  usb_int.o [1]
  .bss               zero     0x2000e89a     0x2  usb_int.o [1]
  .bss               zero     0x2000e89c     0x2  usb_istr.o [1]
  .bss               zero     0x2000e89e     0x1  DataHandle.o [1]
  .bss               zero     0x2000e89f     0x1  DataHandle.o [1]
  .bss               zero     0x2000e8a0     0x1  DataHandle.o [1]
  .bss               zero     0x2000e8a1     0x1  Eeprom.o [1]
  .bss               zero     0x2000e8a2     0x1  Gprs.o [1]
  .bss               zero     0x2000e8a3     0x1  os_core.o [1]
  .bss               zero     0x2000e8a4     0x1  os_core.o [1]
  .bss               zero     0x2000e8a5     0x1  os_core.o [1]
  .bss               zero     0x2000e8a6     0x1  os_core.o [1]
  .bss               zero     0x2000e8a7     0x1  os_core.o [1]
  .bss               zero     0x2000e8a8     0x1  os_core.o [1]
  .bss               zero     0x2000e8a9     0x1  os_core.o [1]
  .bss               zero     0x2000e8aa     0x1  os_core.o [1]
  .bss               zero     0x2000e8ab     0x1  os_core.o [1]
  .bss               zero     0x2000e8ac     0x1  os_core.o [1]
  .bss               zero     0x2000e8ad     0x1  Rtc.o [1]
  .bss               zero     0x2000e8ae     0x1  usb_core.o [1]
  .bss               zero     0x2000e8af     0x1  usb_init.o [1]
                            - 0x2000e8b0  0xd378


*******************************************************************************
*** INIT TABLE
***

          Address     Size
          -------     ----
Zero (__iar_zero_init3)
    1 destination range, total size 0xd378:
          0x20001538  0xd378

Copy/lz77 (__iar_lz77_init_single3)
    1 source range, total size 0xc5 (64% of destination):
          0x080120fe    0xc5
    1 destination range, total size 0x131:
          0x20000000   0x131



*******************************************************************************
*** MODULE SUMMARY
***

    Module                  ro code  ro data  rw data
    ------                  -------  -------  -------
D:\sunray\code\ConcentratorNetWork---SYRUNS\App\Project\Debug\Obj: [1]
    Bsp.o                       744                 4
    Common.o                    366       15       24
    DataHandle.o             13 228       86      806
    Database.o                4 648            22 596
    Eeprom.o                  1 560                 5
    Flash.o                     654       30       12
    Gprs.o                    7 692    1 805      545
    Led.o                       588       32      360
    Main.o                      640       32   21 816
    Rtc.o                       984       12        1
    SerialPort.o              2 824               656
    Timer.o                     220                 4
    misc.o                      144
    os_core.o                 2 872      256    6 774
    os_cpu_a.o                  172
    os_cpu_c.o                  180               520
    os_dbg.o                    280       94
    os_flag.o                 1 382
    os_mbox.o                   964
    os_mem.o                    524
    os_mutex.o                1 456
    os_task.o                 1 676
    os_time.o                   292
    startup_stm32f10x_hd.o      524
    stm32f10x_adc.o              26
    stm32f10x_bkp.o              76
    stm32f10x_dma.o             492
    stm32f10x_flash.o           374
    stm32f10x_gpio.o            340
    stm32f10x_i2c.o             600
    stm32f10x_it.o               42
    stm32f10x_iwdg.o             56
    stm32f10x_pwr.o              56
    stm32f10x_rcc.o             812       13       20
    stm32f10x_rtc.o             192
    stm32f10x_tim.o             748
    stm32f10x_usart.o           474
    usb_core.o                3 030                 5
    usb_desc.o                           218       28
    usb_init.o                   64                43
    usb_int.o                   692                 4
    usb_istr.o                   76       36       58
    usb_mem.o                    88
    usb_prop.o                  596       98      156
    usb_pwr.o                    60                 4
    usb_regs.o                  648
    -------------------------------------------------
    Total:                   54 156    2 727   54 441

command line: [2]
    -------------------------------------------------
    Total:

dl7M_tln.a: [3]
    exit.o                        4
    low_level_init.o              4
    strcat.o                     28
    strncmp.o                    44
    strstr.o                     46
    -------------------------------------------------
    Total:                      126

rt7M_tl.a: [4]
    ABImemcpy_unaligned.o       118
    ABImemset.o                 102
    cexit.o                      10
    cmain.o                      26
    cstartup_M.o                 12
    data_init.o                  40
    lz77_init_single.o          120
    memcmp_unaligned.o           98
    strchr.o                     22
    strcpy_unaligned.o           68
    strlen.o                     54
    zero_init3.o                 64
    -------------------------------------------------
    Total:                      734

shb_l.a: [5]
    exit.o                       20
    -------------------------------------------------
    Total:                       20

    Linker created                        32    5 120
-----------------------------------------------------
    Grand Total:             55 036    2 759   59 561


*******************************************************************************
*** ENTRY LIST
***

Entry                      Address    Size  Type      Object
-----                      -------    ----  ----      ------
.iar.init_table$$Base   0x08011838           --   Gb  - Linker created -
.iar.init_table$$Limit  0x08011858           --   Gb  - Linker created -
?main                   0x08011a25          Code  Gb  cmain.o [4]
ADCPrescTable           0x2000003c     0x4  Data  Lc  stm32f10x_rcc.o [1]
ADC_SoftwareStartConvCmd
                        0x08011479    0x1a  Code  Gb  stm32f10x_adc.o [1]
APBAHBPrescTable        0x2000002c    0x10  Data  Lc  stm32f10x_rcc.o [1]
BKP_DeInit              0x0800e995    0x10  Code  Gb  stm32f10x_bkp.o [1]
BKP_ReadBackupRegister  0x0800e9c1    0x1a  Code  Gb  stm32f10x_bkp.o [1]
BKP_WriteBackupRegister
                        0x0800e9a5    0x1c  Code  Gb  stm32f10x_bkp.o [1]
BSP_Init                0x08010b35    0x6c  Code  Gb  Bsp.o [1]
BcdToAscii              0x080078b3    0x64  Code  Gb  Common.o [1]
BcdToBin                0x0800789b    0x18  Code  Gb  Common.o [1]
BinToBcd                0x0800787d    0x1e  Code  Gb  Common.o [1]
BroadcastAddrIn         0x20000000     0x8  Data  Gb  Common.o [1]
BroadcastAddrOut        0x20000008     0x8  Data  Gb  Common.o [1]
BusFault_Handler        0x0801177f     0x2  Code  Gb  stm32f10x_it.o [1]
ByteSwap                0x0800f879    0x10  Code  Gb  usb_regs.o [1]
CSTACK$$Base            0x20000138           --   Gb  - Linker created -
CSTACK$$Limit           0x20001538           --   Gb  - Linker created -
CTR_LP                  0x08010cb5   0x294  Code  Gb  usb_int.o [1]
CalCrc16                0x08007953    0x46  Code  Gb  Common.o [1]
CalCrc8                 0x08007917    0x3c  Code  Gb  Common.o [1]
ClearDTOG_RX            0x0800f703    0x30  Code  Gb  usb_regs.o [1]
ClearDTOG_TX            0x0800f733    0x30  Code  Gb  usb_regs.o [1]
Clear_Status_Out        0x0800f6e7    0x1c  Code  Gb  usb_regs.o [1]
Concentrator            0x2000e76c    0x44  Data  Gb  Database.o [1]
Config_Descriptor       0x200000f4     0x8  Data  Gb  usb_prop.o [1]
CriticalSecCntr         0x2000e874     0x4  Data  Gb  os_cpu_c.o [1]
CustomHID_ConfigDescriptor
                        0x08011748    0x2c  Data  Gb  usb_desc.o [1]
CustomHID_Data_Setup    0x080112dd    0x7a  Code  Gb  usb_prop.o [1]
CustomHID_DeviceDescriptor
                        0x08011c60    0x14  Data  Gb  usb_desc.o [1]
CustomHID_GetConfigDescriptor
                        0x08011383     0xc  Code  Gb  usb_prop.o [1]
CustomHID_GetDeviceDescriptor
                        0x08011377     0xc  Code  Gb  usb_prop.o [1]
CustomHID_GetHIDDescriptor
                        0x080113bd     0xc  Code  Gb  usb_prop.o [1]
CustomHID_GetProtocolValue
                        0x080113f1    0x16  Code  Gb  usb_prop.o [1]
CustomHID_GetReportDescriptor
                        0x080113b1     0xc  Code  Gb  usb_prop.o [1]
CustomHID_GetStringDescriptor
                        0x0801138f    0x22  Code  Gb  usb_prop.o [1]
CustomHID_Get_Interface_Setting
                        0x080113c9    0x18  Code  Gb  usb_prop.o [1]
CustomHID_Hid_Descriptor
                        0x20000104     0x8  Data  Gb  usb_prop.o [1]
CustomHID_NoData_Setup  0x08011357    0x20  Code  Gb  usb_prop.o [1]
CustomHID_ReportDescriptor
                        0x080117a0    0x28  Data  Gb  usb_desc.o [1]
CustomHID_Report_Descriptor
                        0x200000fc     0x8  Data  Gb  usb_prop.o [1]
CustomHID_Reset         0x08011215    0xa0  Code  Gb  usb_prop.o [1]
CustomHID_SetConfiguration
                        0x080112b5    0x1c  Code  Gb  usb_prop.o [1]
CustomHID_SetDeviceAddress
                        0x080112d1     0x8  Code  Gb  usb_prop.o [1]
CustomHID_SetProtocol   0x080113e1    0x10  Code  Gb  usb_prop.o [1]
CustomHID_Status_In     0x080112d9     0x2  Code  Gb  usb_prop.o [1]
CustomHID_Status_Out    0x080112db     0x2  Code  Gb  usb_prop.o [1]
CustomHID_StringLangID  0x08011fe8     0x4  Data  Gb  usb_desc.o [1]
CustomHID_StringProduct
                        0x08011a08    0x1c  Data  Gb  usb_desc.o [1]
CustomHID_StringSerial  0x20000040    0x1c  Data  Gb  usb_desc.o [1]
CustomHID_StringVendor  0x08011658    0x40  Data  Gb  usb_desc.o [1]
CustomHID_init          0x080111e9    0x2c  Code  Gb  usb_prop.o [1]
DMA1_Channel6_IRQHandler
                        0x0800977d    0x6e  Code  Gb  Eeprom.o [1]
DMA1_Channel7_IRQHandler
                        0x080097eb    0x3c  Code  Gb  Eeprom.o [1]
DMA_ClearFlag           0x0800d86d    0x10  Code  Gb  stm32f10x_dma.o [1]
DMA_Cmd                 0x0800d817    0x1c  Code  Gb  stm32f10x_dma.o [1]
DMA_DeInit              0x0800d6d1   0x10a  Code  Gb  stm32f10x_dma.o [1]
DMA_GetFlagStatus       0x0800d84b    0x22  Code  Gb  stm32f10x_dma.o [1]
DMA_ITConfig            0x0800d833    0x18  Code  Gb  stm32f10x_dma.o [1]
DMA_Init                0x0800d7db    0x3c  Code  Gb  stm32f10x_dma.o [1]
DataHandle_CreateTxData
                        0x08004961   0x468  Code  Gb  DataHandle.o [1]
DataHandle_DataCommandResultTask
                        0x08005121   0x78a  Code  Gb  DataHandle.o [1]
DataHandle_DataDelaySaveProc
                        0x08004dc9    0x14  Code  Gb  DataHandle.o [1]
DataHandle_DataForwardProc
                        0x0800678d   0x28c  Code  Gb  DataHandle.o [1]
DataHandle_DataForwardTask
                        0x080065c5   0x1ba  Code  Gb  DataHandle.o [1]
DataHandle_ExtractData  0x08004295   0x2da  Code  Gb  DataHandle.o [1]
DataHandle_GetEmptyTaskPtr
                        0x08004131    0x32  Code  Gb  DataHandle.o [1]
DataHandle_GprsDelayDataUploadProc
                        0x080062fd    0x8a  Code  Gb  DataHandle.o [1]
DataHandle_GprsDelayDataUploadTask
                        0x08006125   0x1d8  Code  Gb  DataHandle.o [1]
DataHandle_ModifyScanChannelProc
                        0x08006549    0x7c  Code  Gb  DataHandle.o [1]
DataHandle_ModifyScanChannelTask
                        0x08006387   0x1be  Code  Gb  DataHandle.o [1]
DataHandle_OutputMonitorMsg
                        0x08004ddd    0xba  Code  Gb  DataHandle.o [1]
DataHandle_PassProc     0x08007247    0x9e  Code  Gb  DataHandle.o [1]
DataHandle_PassProc::lastInPort
                        0x20000130     0x1  Data  Lc  DataHandle.o [1]
DataHandle_RTCTimingProc
                        0x08006095    0x8a  Code  Gb  DataHandle.o [1]
DataHandle_RTCTimingTask
                        0x08005f39   0x158  Code  Gb  DataHandle.o [1]
DataHandle_ReadMeterCmdBatchLoadProc
                        0x08004f99   0x16e  Code  Gb  DataHandle.o [1]
DataHandle_ReadMeterCmdLoadProc
                        0x08004e9d    0xf0  Code  Gb  DataHandle.o [1]
DataHandle_ReadSecondChannelProc
                        0x08006c3d   0x288  Code  Gb  DataHandle.o [1]
DataHandle_ReadSecondChannelTask
                        0x08006a1d   0x202  Code  Gb  DataHandle.o [1]
DataHandle_RxAckProc    0x080071dd    0x6a  Code  Gb  DataHandle.o [1]
DataHandle_RxCmdProc    0x08006edd   0x2f8  Code  Gb  DataHandle.o [1]
DataHandle_SetPkgPath   0x080041b1    0xe4  Code  Gb  DataHandle.o [1]
DataHandle_SetPkgProperty
                        0x08004163    0x4e  Code  Gb  DataHandle.o [1]
DataHandle_Syruns_ActiveReportProc
                        0x080058c9   0x65a  Code  Gb  DataHandle.o [1]
DataHandle_Task         0x080072f1   0x1aa  Code  Gb  DataHandle.o [1]
DataHandle_TaskArry     0x2000e6f4    0x78  Data  Gb  DataHandle.o [1]
DataStageIn             0x0800ef4f    0xbe  Code  Lc  usb_core.o [1]
DataStageOut            0x0800ee91    0xbe  Code  Lc  usb_core.o [1]
Data_BatchWriteMeterCmdLoadProc
                        0x080084b3   0x1c0  Code  Gb  Database.o [1]
Data_ClearDatabase      0x08007ec7    0x50  Code  Gb  Database.o [1]
Data_ClearMeterData     0x08007e73    0x54  Code  Gb  Database.o [1]
Data_DeleteNodes        0x080082d1    0xd2  Code  Gb  Database.o [1]
Data_EepromCheckProc    0x080089c1   0x1ce  Code  Gb  Database.o [1]
Data_FindNodeId         0x08007e09    0x6a  Code  Gb  Database.o [1]
Data_GetTimeSlot        0x08008429    0x8a  Code  Gb  Database.o [1]
Data_GprsParameter      0x08008685   0x21a  Code  Gb  Database.o [1]
Data_Init               0x08007999    0x10  Code  Gb  Database.o [1]
Data_MeterDataInit      0x08007c53   0x140  Code  Gb  Database.o [1]
Data_ModifyNodes        0x080083a3    0x86  Code  Gb  Database.o [1]
Data_Mul_MaxPacketSize  0x2000e8ae     0x1  Data  Gb  usb_core.o [1]
Data_ReadNodes          0x08007f7f   0x118  Code  Gb  Database.o [1]
Data_ReadNodesCount     0x08007f17    0x68  Code  Gb  Database.o [1]
Data_RefreshNodeStatus  0x080079a9   0x2aa  Code  Gb  Database.o [1]
Data_SetConcentratorAddr
                        0x08007d93    0x76  Code  Gb  Database.o [1]
Data_Setup0             0x0800f161   0x2ae  Code  Lc  usb_core.o [1]
Data_SwUpdate           0x0800889f   0x11c  Code  Gb  Database.o [1]
Data_WriteNodes         0x08008097   0x23a  Code  Gb  Database.o [1]
DebugMon_Handler        0x08011785     0x2  Code  Gb  stm32f10x_it.o [1]
Default_Apn             0x20000018     0x4  Data  Gb  Flash.o [1]
Default_BackupDscIp     0x08011fdc     0x4  Data  Gb  Flash.o [1]
Default_BackupDscPort   0x080094ea     0x2  Data  Gb  Flash.o [1]
Default_DscIp           0x08011fd8     0x4  Data  Gb  Flash.o [1]
Default_DscPort         0x080075b6     0x2  Data  Gb  Flash.o [1]
Default_HeatBeatPeriod  0x080120fd     0x1  Data  Gb  Flash.o [1]
Default_LongAdr         0x08011f70     0x8  Data  Gb  Flash.o [1]
Default_Password        0x20000020     0x4  Data  Gb  Flash.o [1]
Default_Username        0x2000001c     0x4  Data  Gb  Flash.o [1]
DevResetTimer           0x2000e828     0x4  Data  Gb  Bsp.o [1]
Device_Descriptor       0x200000ec     0x8  Data  Gb  usb_prop.o [1]
Device_Info             0x2000e7ec    0x1c  Data  Gb  usb_init.o [1]
Device_Property         0x20000098    0x30  Data  Gb  usb_prop.o [1]
Device_Table            0x20000094     0x4  Data  Gb  usb_prop.o [1]
EPindex                 0x2000e8af     0x1  Data  Gb  usb_init.o [1]
EepromAccessMutex       0x2000e830     0x4  Data  Gb  Eeprom.o [1]
EepromDMADone           0x2000e8a1     0x1  Data  Lc  Eeprom.o [1]
Eeprom_AccessProc       0x08009929   0x230  Code  Lc  Eeprom.o [1]
Eeprom_Init             0x08009b59    0xfa  Code  Gb  Eeprom.o [1]
Eeprom_LowLevel_DMAConfig
                        0x080098ab    0x7c  Code  Lc  Eeprom.o [1]
Eeprom_ReadWrite        0x08009c53    0xfa  Code  Gb  Eeprom.o [1]
Eeprom_Timeout_UserCallback
                        0x08009827    0x84  Code  Lc  Eeprom.o [1]
FLASH_ClearFlag         0x0800d657     0x6  Code  Gb  stm32f10x_flash.o [1]
FLASH_ErasePage         0x0800d5b9    0x58  Code  Gb  stm32f10x_flash.o [1]
FLASH_GetBank1Status    0x0800d65d    0x2c  Code  Gb  stm32f10x_flash.o [1]
FLASH_Lock              0x0800d5a7    0x12  Code  Gb  stm32f10x_flash.o [1]
FLASH_PrefetchBufferCmd
                        0x0800d56f    0x22  Code  Gb  stm32f10x_flash.o [1]
FLASH_ProgramHalfWord   0x0800d611    0x46  Code  Gb  stm32f10x_flash.o [1]
FLASH_SetLatency        0x0800d559    0x16  Code  Gb  stm32f10x_flash.o [1]
FLASH_Unlock            0x0800d591    0x16  Code  Gb  stm32f10x_flash.o [1]
FLASH_WaitForLastOperation
                        0x0800d6a9    0x26  Code  Gb  stm32f10x_flash.o [1]
Flash_Erase             0x080096e5    0x3e  Code  Gb  Flash.o [1]
Flash_LoadConcentratorInfo
                        0x080094ed    0xb6  Code  Gb  Flash.o [1]
Flash_LoadSubNodesInfo  0x08009605    0x42  Code  Gb  Flash.o [1]
Flash_SaveConcentratorInfo
                        0x080095a3    0x62  Code  Gb  Flash.o [1]
Flash_SaveSubNodesInfo  0x08009647    0x4e  Code  Gb  Flash.o [1]
Flash_Write             0x08009723    0x58  Code  Gb  Flash.o [1]
GPIO_Init               0x0800de41    0xc0  Code  Gb  stm32f10x_gpio.o [1]
GPIO_PinRemapConfig     0x0800df0d    0x80  Code  Gb  stm32f10x_gpio.o [1]
GPIO_ResetBits          0x0800df07     0x6  Code  Gb  stm32f10x_gpio.o [1]
GPIO_SetBits            0x0800df01     0x6  Code  Gb  stm32f10x_gpio.o [1]
GetEPRxAddr             0x0800f7c7    0x1c  Code  Gb  usb_regs.o [1]
GetEPRxCount            0x0800f849    0x1a  Code  Gb  usb_regs.o [1]
GetEPTxAddr             0x0800f7a9    0x1e  Code  Gb  usb_regs.o [1]
GetEPTxStatus           0x0800f68b    0x10  Code  Gb  usb_regs.o [1]
GlobalEventFlag         0x2000e834     0x4  Data  Gb  Main.o [1]
Gpio_Init               0x080109d9    0xa0  Code  Gb  Bsp.o [1]
Gprs                    0x2000da74   0x218  Data  Gb  Gprs.o [1]
GprsDelayDataUpTimer    0x2000012e     0x2  Data  Gb  DataHandle.o [1]
GprsMemoryPtr           0x2000e838     0x4  Data  Gb  Main.o [1]
GprsModuleList          0x20000024     0x8  Data  Gb  Gprs.o [1]
GprsPkgNo               0x2000e8a2     0x1  Data  Gb  Gprs.o [1]
Gprs_CmdPkg             0x0800a2a1   0x12c  Code  Gb  Gprs.o [1]
Gprs_ConnectProc        0x08009e4f   0x20a  Code  Gb  Gprs.o [1]
Gprs_GetCSQ             0x0800a3cd    0x60  Code  Gb  Gprs.o [1]
Gprs_GetGMM             0x0800a4cd    0xa0  Code  Gb  Gprs.o [1]
Gprs_GetIMSI            0x0800a435    0x98  Code  Gb  Gprs.o [1]
Gprs_Init               0x0800a56d    0x9c  Code  Gb  Gprs.o [1]
Gprs_IpFormatConvert    0x0800a1cb    0xd6  Code  Gb  Gprs.o [1]
Gprs_OutputDebugMsg     0x08009d95    0xba  Code  Gb  Gprs.o [1]
Gprs_PowerOff           0x0800a059    0x28  Code  Lc  Gprs.o [1]
Gprs_PowerOn            0x0800a081    0x80  Code  Lc  Gprs.o [1]
Gprs_Restart            0x0800a101    0xca  Code  Lc  Gprs.o [1]
Gprs_Task               0x0800a645  0x1448  Code  Gb  Gprs.o [1]
HardFault_Handler       0x08011779     0x4  Code  Gb  stm32f10x_it.o [1]
I2C_AcknowledgeConfig   0x0800da51    0x1c  Code  Gb  stm32f10x_i2c.o [1]
I2C_CheckEvent          0x0800daa9    0x2a  Code  Gb  stm32f10x_i2c.o [1]
I2C_Cmd                 0x0800d9c5    0x1c  Code  Gb  stm32f10x_i2c.o [1]
I2C_DMACmd              0x0800d9e1    0x1c  Code  Gb  stm32f10x_i2c.o [1]
I2C_DMALastTransferCmd  0x0800d9fd    0x1c  Code  Gb  stm32f10x_i2c.o [1]
I2C_DeInit              0x0800d8bd    0x34  Code  Gb  stm32f10x_i2c.o [1]
I2C_GenerateSTART       0x0800da19    0x1c  Code  Gb  stm32f10x_i2c.o [1]
I2C_GenerateSTOP        0x0800da35    0x1c  Code  Gb  stm32f10x_i2c.o [1]
I2C_GetFlagStatus       0x0800dad3    0x42  Code  Gb  stm32f10x_i2c.o [1]
I2C_Init                0x0800d8f1    0xc4  Code  Gb  stm32f10x_i2c.o [1]
I2C_ReceiveData         0x0800da73     0x6  Code  Gb  stm32f10x_i2c.o [1]
I2C_Send7bitAddress     0x0800da79    0x16  Code  Gb  stm32f10x_i2c.o [1]
I2C_SendData            0x0800da6d     0x6  Code  Gb  stm32f10x_i2c.o [1]
I2C_SoftwareResetCmd    0x0800da8f    0x1a  Code  Gb  stm32f10x_i2c.o [1]
IWDG_Enable             0x0800d543     0xa  Code  Gb  stm32f10x_iwdg.o [1]
IWDG_ReloadCounter      0x0800d539     0xa  Code  Gb  stm32f10x_iwdg.o [1]
IWDG_SetPrescaler       0x0800d529     0x8  Code  Gb  stm32f10x_iwdg.o [1]
IWDG_SetReload          0x0800d531     0x8  Code  Gb  stm32f10x_iwdg.o [1]
IWDG_WriteAccessCmd     0x0800d521     0x8  Code  Gb  stm32f10x_iwdg.o [1]
In0_Process             0x0800f491    0x62  Code  Gb  usb_core.o [1]
Iwdg_Init               0x08010af7    0x3e  Code  Lc  Bsp.o [1]
LargeMemoryPtr          0x2000e840     0x4  Data  Gb  Main.o [1]
Led                     0x2000e48c   0x168  Data  Gb  Led.o [1]
Led_FlashTime           0x0800d4eb    0x24  Code  Gb  Led.o [1]
Led_Init                0x0800d317    0x78  Code  Gb  Led.o [1]
Led_OnOffCtrl           0x0800d2d5    0x42  Code  Lc  Led.o [1]
Led_Task                0x0800d38f   0x15c  Code  Gb  Led.o [1]
MainTask_Stk            0x2000dc8c   0x200  Data  Gb  Main.o [1]
Main_Task               0x08010f69   0x1fc  Code  Gb  Main.o [1]
MemManage_Handler       0x0801177d     0x2  Code  Gb  stm32f10x_it.o [1]
MemoryGprsBlock         0x20009d38  0x1f40  Data  Gb  Main.o [1]
MemoryLargeBlock        0x20006d38  0x3000  Data  Gb  Main.o [1]
MemorySmallBlock        0x2000d15c   0x3e8  Data  Gb  Main.o [1]
ModifyScanChannel       0x2000e894     0x2  Data  Gb  DataHandle.o [1]
ModifyScanChannel_KEY   0x08011f68     0x8  Data  Gb  DataHandle.o [1]
MonitorPort             0x2000e89f     0x1  Data  Gb  DataHandle.o [1]
NMI_Handler             0x08011775     0x2  Code  Gb  stm32f10x_it.o [1]
NOP_Process             0x0800f5fd     0x2  Code  Gb  usb_core.o [1]
NVIC_Init               0x0800df9f    0x5e  Code  Gb  misc.o [1]
NVIC_PriorityGroupConfig
                        0x0800df95     0xa  Code  Gb  misc.o [1]
NVIC_SetPriority        0x080108f1    0x22  Code  Lc  Bsp.o [1]
NVIC_SetVectorTable     0x0800dffd     0xc  Code  Gb  misc.o [1]
NoData_Setup0           0x0800f00d   0x154  Code  Lc  usb_core.o [1]
NullAddress             0x20000010     0x8  Data  Gb  Common.o [1]
Nvic_Init               0x08010a79    0x5a  Code  Lc  Bsp.o [1]
OSCPUUsage              0x2000e8a3     0x1  Data  Gb  os_core.o [1]
OSCtxSw                 0x0800e823          Code  Gb  os_cpu_a.o [1]
OSCtxSwCtr              0x2000e844     0x4  Data  Gb  os_core.o [1]
OSDataSize              0x080120fa     0x2  Data  Gb  os_dbg.o [1]
OSDebugEn               0x0800977a     0x2  Data  Gb  os_dbg.o [1]
OSDebugInit             0x0800e6d9   0x118  Code  Gb  os_dbg.o [1]
OSEndiannessTest        0x08011fe4     0x4  Data  Gb  os_dbg.o [1]
OSEventEn               0x0800d28e     0x2  Data  Gb  os_dbg.o [1]
OSEventFreeList         0x2000e848     0x4  Data  Gb  os_core.o [1]
OSEventMax              0x0800d6ce     0x2  Data  Gb  os_dbg.o [1]
OSEventMultiEn          0x080105c2     0x2  Data  Gb  os_dbg.o [1]
OSEventNameEn           0x0800ea0e     0x2  Data  Gb  os_dbg.o [1]
OSEventSize             0x0800ea26     0x2  Data  Gb  os_dbg.o [1]
OSEventTbl              0x2000bc78   0xdac  Data  Gb  os_core.o [1]
OSEventTblSize          0x0800f5fe     0x2  Data  Gb  os_dbg.o [1]
OSFlagCreate            0x08008f85    0x94  Code  Gb  os_flag.o [1]
OSFlagEn                0x08011492     0x2  Data  Gb  os_dbg.o [1]
OSFlagFreeList          0x2000e84c     0x4  Data  Gb  os_core.o [1]
OSFlagGrpSize           0x0801179e     0x2  Data  Gb  os_dbg.o [1]
OSFlagMax               0x080120b8     0x2  Data  Gb  os_dbg.o [1]
OSFlagNameEn            0x080120ba     0x2  Data  Gb  os_dbg.o [1]
OSFlagNodeSize          0x08011a46     0x2  Data  Gb  os_dbg.o [1]
OSFlagPend              0x08009019   0x23c  Code  Gb  os_flag.o [1]
OSFlagPost              0x08009255   0x11e  Code  Gb  os_flag.o [1]
OSFlagTbl               0x2000e808    0x18  Data  Gb  os_core.o [1]
OSFlagWidth             0x08011a52     0x2  Data  Gb  os_dbg.o [1]
OSIdleCtr               0x2000e858     0x4  Data  Gb  os_core.o [1]
OSIdleCtrMax            0x2000e850     0x4  Data  Gb  os_core.o [1]
OSIdleCtrRun            0x2000e854     0x4  Data  Gb  os_core.o [1]
OSInit                  0x0800bb99    0x30  Code  Gb  os_core.o [1]
OSInitHookBegin         0x0800e625    0x1a  Code  Gb  os_cpu_c.o [1]
OSInitHookEnd           0x0800e63f     0x2  Code  Gb  os_cpu_c.o [1]
OSIntCtxSw              0x0800e82b          Code  Gb  os_cpu_a.o [1]
OSIntEnter              0x0800bbc9    0x24  Code  Gb  os_core.o [1]
OSIntExit               0x0800bbed    0xba  Code  Gb  os_core.o [1]
OSIntNesting            0x2000e8a5     0x1  Data  Gb  os_core.o [1]
OSLockNesting           0x2000e8a6     0x1  Data  Gb  os_core.o [1]
OSLowestPrio            0x080120bc     0x2  Data  Gb  os_dbg.o [1]
OSMboxAccept            0x08008bc1    0x50  Code  Gb  os_mbox.o [1]
OSMboxCreate            0x08008c11    0x7a  Code  Gb  os_mbox.o [1]
OSMboxDel               0x08008c8d   0x110  Code  Gb  os_mbox.o [1]
OSMboxEn                0x080120be     0x2  Data  Gb  os_dbg.o [1]
OSMboxPend              0x08008d9d   0x13e  Code  Gb  os_mbox.o [1]
OSMboxPost              0x08008edd    0x92  Code  Gb  os_mbox.o [1]
OSMemCreate             0x080075b9    0xb2  Code  Gb  os_mem.o [1]
OSMemEn                 0x080120c0     0x2  Data  Gb  os_dbg.o [1]
OSMemFreeList           0x2000e86c     0x4  Data  Gb  os_core.o [1]
OSMemGet                0x0800766d    0x6a  Code  Gb  os_mem.o [1]
OSMemGetOpt             0x080076d7    0x32  Code  Gb  os_mem.o [1]
OSMemMax                0x080120c2     0x2  Data  Gb  os_dbg.o [1]
OSMemNameEn             0x080120c4     0x2  Data  Gb  os_dbg.o [1]
OSMemPut                0x08007709    0x68  Code  Gb  os_mem.o [1]
OSMemSize               0x080120c6     0x2  Data  Gb  os_dbg.o [1]
OSMemTbl                0x2000e7b0    0x3c  Data  Gb  os_core.o [1]
OSMemTblSize            0x080120c8     0x2  Data  Gb  os_dbg.o [1]
OSMutexCreate           0x0800e025   0x10c  Code  Gb  os_mutex.o [1]
OSMutexEn               0x080120ca     0x2  Data  Gb  os_dbg.o [1]
OSMutexPend             0x0800e131   0x2cc  Code  Gb  os_mutex.o [1]
OSMutexPost             0x0800e3fd   0x122  Code  Gb  os_mutex.o [1]
OSMutex_RdyAtPrio       0x0800e51f    0x90  Code  Lc  os_mutex.o [1]
OSPrioCur               0x2000e8a7     0x1  Data  Gb  os_core.o [1]
OSPrioHighRdy           0x2000e8a8     0x1  Data  Gb  os_core.o [1]
OSPtrSize               0x080120cc     0x2  Data  Gb  os_dbg.o [1]
OSQEn                   0x080120ce     0x2  Data  Gb  os_dbg.o [1]
OSQMax                  0x080120d0     0x2  Data  Gb  os_dbg.o [1]
OSQSize                 0x080120d2     0x2  Data  Gb  os_dbg.o [1]
OSRdyGrp                0x2000e8a9     0x1  Data  Gb  os_core.o [1]
OSRdyTbl                0x2000e820     0x8  Data  Gb  os_core.o [1]
OSRdyTblSize            0x080120d4     0x2  Data  Gb  os_dbg.o [1]
OSRunning               0x2000e8aa     0x1  Data  Gb  os_core.o [1]
OSSchedLock             0x0800bca9    0x62  Code  Gb  os_core.o [1]
OSSchedUnlock           0x0800bd0d    0xc6  Code  Gb  os_core.o [1]
OSSemEn                 0x080120d6     0x2  Data  Gb  os_dbg.o [1]
OSStart                 0x0800bdd3    0x42  Code  Gb  os_core.o [1]
OSStartHighRdy          0x0800e7ff          Code  Gb  os_cpu_a.o [1]
OSStatInit              0x0800be15    0x94  Code  Gb  os_core.o [1]
OSStatRdy               0x2000e8a4     0x1  Data  Gb  os_core.o [1]
OSStkWidth              0x080120d8     0x2  Data  Gb  os_dbg.o [1]
OSTCBCur                0x2000e85c     0x4  Data  Gb  os_core.o [1]
OSTCBFreeList           0x2000e860     0x4  Data  Gb  os_core.o [1]
OSTCBHighRdy            0x2000e864     0x4  Data  Gb  os_core.o [1]
OSTCBInitHook           0x0800e6d7     0x2  Code  Gb  os_cpu_c.o [1]
OSTCBList               0x2000e868     0x4  Data  Gb  os_core.o [1]
OSTCBPrioTbl            0x2000e5f4   0x100  Data  Gb  os_core.o [1]
OSTCBPrioTblMax         0x080120f0     0x2  Data  Gb  os_dbg.o [1]
OSTCBSize               0x080120f2     0x2  Data  Gb  os_dbg.o [1]
OSTCBTbl                0x2000ca24   0x738  Data  Gb  os_core.o [1]
OSTaskCreate            0x0800c6d1   0x120  Code  Gb  os_task.o [1]
OSTaskCreateEn          0x080120da     0x2  Data  Gb  os_dbg.o [1]
OSTaskCreateExt         0x0800c7f1   0x14c  Code  Gb  os_task.o [1]
OSTaskCreateExtEn       0x080120dc     0x2  Data  Gb  os_dbg.o [1]
OSTaskCreateHook        0x0800e641     0x2  Code  Gb  os_cpu_c.o [1]
OSTaskCtr               0x2000e8ab     0x1  Data  Gb  os_core.o [1]
OSTaskDel               0x0800c93d   0x1ea  Code  Gb  os_task.o [1]
OSTaskDelEn             0x080120de     0x2  Data  Gb  os_dbg.o [1]
OSTaskDelHook           0x0800e643     0x2  Code  Gb  os_cpu_c.o [1]
OSTaskIdleHook          0x0800e645     0x2  Code  Gb  os_cpu_c.o [1]
OSTaskIdleStk           0x2000e08c   0x200  Data  Gb  os_core.o [1]
OSTaskIdleStkSize       0x080120e0     0x2  Data  Gb  os_dbg.o [1]
OSTaskMax               0x080120e4     0x2  Data  Gb  os_dbg.o [1]
OSTaskNameEn            0x080120e6     0x2  Data  Gb  os_dbg.o [1]
OSTaskProfileEn         0x080120e2     0x2  Data  Gb  os_dbg.o [1]
OSTaskReturnHook        0x0800e647     0x2  Code  Gb  os_cpu_c.o [1]
OSTaskStatEn            0x080120e8     0x2  Data  Gb  os_dbg.o [1]
OSTaskStatHook          0x0800e649     0x2  Code  Gb  os_cpu_c.o [1]
OSTaskStatStk           0x2000de8c   0x200  Data  Gb  os_core.o [1]
OSTaskStatStkChkEn      0x080120ec     0x2  Data  Gb  os_dbg.o [1]
OSTaskStatStkSize       0x080120ea     0x2  Data  Gb  os_dbg.o [1]
OSTaskStkChk            0x0800cb29    0xe6  Code  Gb  os_task.o [1]
OSTaskStkInit           0x0800e64b    0x7a  Code  Gb  os_cpu_c.o [1]
OSTaskSuspend           0x0800cc11    0xf4  Code  Gb  os_task.o [1]
OSTaskSwHook            0x0800e6d5     0x2  Code  Gb  os_cpu_c.o [1]
OSTaskSwHookEn          0x080120ee     0x2  Data  Gb  os_dbg.o [1]
OSTickStepState         0x2000e8ac     0x1  Data  Gb  os_core.o [1]
OSTicksPerSec           0x080120f4     0x2  Data  Gb  os_dbg.o [1]
OSTimeDly               0x0800d135    0x84  Code  Gb  os_time.o [1]
OSTimeDlyHMSM           0x0800d1b9    0x88  Code  Gb  os_time.o [1]
OSTimeTick              0x0800bea9    0xf2  Code  Gb  os_core.o [1]
OSTimeTickHookEn        0x080120f6     0x2  Data  Gb  os_dbg.o [1]
OSUnMapTbl              0x08011494   0x100  Data  Gb  os_core.o [1]
OSVersionNbr            0x080120f8     0x2  Data  Gb  os_dbg.o [1]
OS_CPU_ExceptStk        0x2000e28c   0x200  Data  Gb  os_cpu_c.o [1]
OS_CPU_ExceptStkBase    0x2000e870     0x4  Data  Gb  os_cpu_c.o [1]
OS_CPU_SR_Restore       0x0800e7f9          Code  Gb  os_cpu_a.o [1]
OS_CPU_SR_Save          0x0800e7f1          Code  Gb  os_cpu_a.o [1]
OS_Dummy                0x0800bf9b     0x2  Code  Gb  os_core.o [1]
OS_EventTaskRdy         0x0800bf9d    0x7c  Code  Gb  os_core.o [1]
OS_EventTaskRemove      0x0800c0a5    0x36  Code  Gb  os_core.o [1]
OS_EventTaskWait        0x0800c019    0x8c  Code  Gb  os_core.o [1]
OS_EventWaitListInit    0x0800c0db    0x1c  Code  Gb  os_core.o [1]
OS_FlagBlock            0x08009373    0x8a  Code  Lc  os_flag.o [1]
OS_FlagInit             0x080093fd    0x50  Code  Gb  os_flag.o [1]
OS_FlagTaskRdy          0x0800944d    0x58  Code  Lc  os_flag.o [1]
OS_FlagUnlink           0x080094c5    0x26  Code  Gb  os_flag.o [1]
OS_InitEventList        0x0800c0f7    0x62  Code  Lc  os_core.o [1]
OS_InitMisc             0x0800c159    0x4a  Code  Lc  os_core.o [1]
OS_InitRdyList          0x0800c1a3    0x40  Code  Lc  os_core.o [1]
OS_InitTCBList          0x0800c243    0x6a  Code  Lc  os_core.o [1]
OS_InitTaskIdle         0x0800c1e3    0x30  Code  Lc  os_core.o [1]
OS_InitTaskStat         0x0800c213    0x30  Code  Lc  os_core.o [1]
OS_MemClr               0x0800c2ad    0x1e  Code  Gb  os_core.o [1]
OS_MemInit              0x08007771    0x48  Code  Gb  os_mem.o [1]
OS_Sched                0x0800c2cd    0x98  Code  Gb  os_core.o [1]
OS_SchedNew             0x0800c365    0x28  Code  Lc  os_core.o [1]
OS_TCBInit              0x0800c4c9   0x192  Code  Gb  os_core.o [1]
OS_TaskIdle             0x0800c38d    0x3a  Code  Gb  os_core.o [1]
OS_TaskReturn           0x0800cd05    0x12  Code  Gb  os_task.o [1]
OS_TaskStat             0x0800c3c9    0xc2  Code  Gb  os_core.o [1]
OS_TaskStatStkChk       0x0800c48b    0x3e  Code  Gb  os_core.o [1]
OS_TaskStkClr           0x0800cd45    0x18  Code  Gb  os_task.o [1]
Out0_Process            0x0800f4f3    0x46  Code  Gb  usb_core.o [1]
PMAToUserBufferCopy     0x0800f8bb    0x26  Code  Gb  usb_mem.o [1]
PWR_BackupAccessCmd     0x0800e95d     0x8  Code  Gb  stm32f10x_pwr.o [1]
PWR_ClearFlag           0x0800e97b     0xe  Code  Gb  stm32f10x_pwr.o [1]
PWR_GetFlagStatus       0x0800e965    0x16  Code  Gb  stm32f10x_pwr.o [1]
PendSV_Handler          0x0800e833          Code  Gb  os_cpu_a.o [1]
PkgNo                   0x2000e89e     0x1  Data  Gb  DataHandle.o [1]
Post0_Process           0x0800f539    0x3c  Code  Gb  usb_core.o [1]
PowerOn                 0x0801143d    0x30  Code  Gb  usb_pwr.o [1]
ProtocolValue           0x2000e88c     0x4  Data  Gb  usb_prop.o [1]
RCC_AHBPeriphClockCmd   0x0800dcf5    0x20  Code  Gb  stm32f10x_rcc.o [1]
RCC_APB1PeriphClockCmd  0x0800dd35    0x20  Code  Gb  stm32f10x_rcc.o [1]
RCC_APB1PeriphResetCmd  0x0800dd75    0x20  Code  Gb  stm32f10x_rcc.o [1]
RCC_APB2PeriphClockCmd  0x0800dd15    0x20  Code  Gb  stm32f10x_rcc.o [1]
RCC_APB2PeriphResetCmd  0x0800dd55    0x20  Code  Gb  stm32f10x_rcc.o [1]
RCC_BackupResetCmd      0x0800dd95     0x8  Code  Gb  stm32f10x_rcc.o [1]
RCC_ClearFlag           0x0800dddb     0xe  Code  Gb  stm32f10x_rcc.o [1]
RCC_DeInit              0x0800db15    0x60  Code  Gb  stm32f10x_rcc.o [1]
RCC_GetClocksFreq       0x0800dc3b    0xba  Code  Gb  stm32f10x_rcc.o [1]
RCC_GetFlagStatus       0x0800dd9d    0x3e  Code  Gb  stm32f10x_rcc.o [1]
RCC_GetSYSCLKSource     0x0800dbab     0xa  Code  Gb  stm32f10x_rcc.o [1]
RCC_HCLKConfig          0x0800dbb5    0x14  Code  Gb  stm32f10x_rcc.o [1]
RCC_HSICmd              0x0800db75     0x8  Code  Gb  stm32f10x_rcc.o [1]
RCC_LSEConfig           0x0800dbf5    0x2a  Code  Gb  stm32f10x_rcc.o [1]
RCC_LSICmd              0x0800dc1f     0x8  Code  Gb  stm32f10x_rcc.o [1]
RCC_PCLK1Config         0x0800dbc9    0x12  Code  Gb  stm32f10x_rcc.o [1]
RCC_PCLK2Config         0x0800dbdb    0x14  Code  Gb  stm32f10x_rcc.o [1]
RCC_PLLCmd              0x0800db91     0x8  Code  Gb  stm32f10x_rcc.o [1]
RCC_PLLConfig           0x0800db7d    0x14  Code  Gb  stm32f10x_rcc.o [1]
RCC_RTCCLKCmd           0x0800dc33     0x8  Code  Gb  stm32f10x_rcc.o [1]
RCC_RTCCLKConfig        0x0800dc27     0xc  Code  Gb  stm32f10x_rcc.o [1]
RCC_SYSCLKConfig        0x0800db99    0x12  Code  Gb  stm32f10x_rcc.o [1]
RCC_USBCLKConfig        0x0800dbef     0x6  Code  Gb  stm32f10x_rcc.o [1]
RTCTimingTimer          0x2000012c     0x2  Data  Gb  DataHandle.o [1]
RTC_EnterConfigMode     0x0800e8bd     0xe  Code  Gb  stm32f10x_rtc.o [1]
RTC_ExitConfigMode      0x0800e8cb    0x10  Code  Gb  stm32f10x_rtc.o [1]
RTC_GetCounter          0x0800e8db    0x14  Code  Gb  stm32f10x_rtc.o [1]
RTC_ITConfig            0x0800e89d    0x20  Code  Gb  stm32f10x_rtc.o [1]
RTC_SetCounter          0x0800e8ef    0x18  Code  Gb  stm32f10x_rtc.o [1]
RTC_SetPrescaler        0x0800e907    0x1c  Code  Gb  stm32f10x_rtc.o [1]
RTC_WaitForLastTask     0x0800e923     0xa  Code  Gb  stm32f10x_rtc.o [1]
RTC_WaitForSynchro      0x0800e92d    0x18  Code  Gb  stm32f10x_rtc.o [1]
Rcc_Init                0x0801095b    0x7e  Code  Gb  Bsp.o [1]
Region$$Table$$Base     0x08011838           --   Gb  - Linker created -
Region$$Table$$Limit    0x08011858           --   Gb  - Linker created -
Rtc_ErrTimes            0x2000e8ad     0x1  Data  Lc  Rtc.o [1]
Rtc_Get                 0x0800cf4d   0x122  Code  Gb  Rtc.o [1]
Rtc_Init                0x0800d07d    0xb8  Code  Gb  Rtc.o [1]
Rtc_IsLeapYear          0x0800cd5d    0x3a  Code  Lc  Rtc.o [1]
Rtc_MonthTab            0x08011f50     0xc  Data  Gb  Rtc.o [1]
Rtc_Set                 0x0800cd97   0x1b6  Code  Gb  Rtc.o [1]
SVC_Handler             0x08011783     0x2  Code  Gb  stm32f10x_it.o [1]
SWInfo                  0x08011898    0x20  Data  Gb  Main.o [1]
SaveRState              0x2000e898     0x2  Data  Gb  usb_int.o [1]
SaveTState              0x2000e89a     0x2  Data  Gb  usb_int.o [1]
SerialPort              0x2000d7e4   0x290  Data  Gb  SerialPort.o [1]
SerialPort_DelayProc    0x0800f9a1    0xc2  Code  Gb  SerialPort.o [1]
SerialPort_Init         0x08010203    0x72  Code  Gb  SerialPort.o [1]
SerialPort_Task         0x08010275   0x13c  Code  Gb  SerialPort.o [1]
Serialport_RxFilter     0x0800f8e1    0xc0  Code  Gb  SerialPort.o [1]
SetBTABLE               0x0800f601     0xe  Code  Gb  usb_regs.o [1]
SetDeviceAddress        0x0800f575    0x40  Code  Gb  usb_core.o [1]
SetEPRxAddr             0x0800f787    0x22  Code  Gb  usb_regs.o [1]
SetEPRxCount            0x0800f7ff    0x4a  Code  Gb  usb_regs.o [1]
SetEPRxStatus           0x0800f65d    0x2e  Code  Gb  usb_regs.o [1]
SetEPRxValid            0x0800f6c1    0x26  Code  Gb  usb_regs.o [1]
SetEPTxAddr             0x0800f763    0x24  Code  Gb  usb_regs.o [1]
SetEPTxCount            0x0800f7e3    0x1c  Code  Gb  usb_regs.o [1]
SetEPTxStatus           0x0800f62f    0x2e  Code  Gb  usb_regs.o [1]
SetEPTxValid            0x0800f69b    0x26  Code  Gb  usb_regs.o [1]
SetEPType               0x0800f60f    0x20  Code  Gb  usb_regs.o [1]
Setup0_Process          0x0800f40f    0x82  Code  Gb  usb_core.o [1]
SmallMemoryPtr          0x2000e83c     0x4  Data  Gb  Main.o [1]
SoftReset               0x08010aef     0x8  Code  Gb  Bsp.o [1]
Standard_ClearFeature   0x0800ec4f   0x14e  Code  Gb  usb_core.o [1]
Standard_GetConfiguration
                        0x0800ea29    0x2a  Code  Gb  usb_core.o [1]
Standard_GetDescriptorData
                        0x0800ee6d    0x24  Code  Gb  usb_core.o [1]
Standard_GetInterface   0x0800eaa1    0x2a  Code  Gb  usb_core.o [1]
Standard_GetStatus      0x0800eb4d   0x102  Code  Gb  usb_core.o [1]
Standard_SetConfiguration
                        0x0800ea53    0x4e  Code  Gb  usb_core.o [1]
Standard_SetDeviceFeature
                        0x0800ee49    0x24  Code  Gb  usb_core.o [1]
Standard_SetEndPointFeature
                        0x0800ed9d    0xac  Code  Gb  usb_core.o [1]
Standard_SetInterface   0x0800eacb    0x82  Code  Gb  usb_core.o [1]
StatusInfo              0x2000e87c     0x4  Data  Gb  usb_core.o [1]
String_Descriptor       0x2000010c    0x20  Data  Gb  usb_prop.o [1]
SubNodes                0x20001538  0x5800  Data  Gb  Database.o [1]
SubNodesSaveDelayTimer  0x2000e8a0     0x1  Data  Gb  DataHandle.o [1]
SysTick_Config          0x08010913    0x2e  Code  Lc  Bsp.o [1]
SysTick_Handler         0x08011787    0x10  Code  Gb  stm32f10x_it.o [1]
SysTick_Init            0x08010941    0x1a  Code  Gb  Bsp.o [1]
TIM2_IRQHandler         0x08010c3d    0x64  Code  Gb  Timer.o [1]
TIM_ClearITPendingBit   0x080108a9     0x8  Code  Gb  stm32f10x_tim.o [1]
TIM_Cmd                 0x08010875    0x1c  Code  Gb  stm32f10x_tim.o [1]
TIM_DeInit              0x08010605   0x1de  Code  Gb  stm32f10x_tim.o [1]
TIM_ITConfig            0x08010891    0x18  Code  Gb  stm32f10x_tim.o [1]
TIM_TimeBaseInit        0x080107e3    0x92  Code  Gb  stm32f10x_tim.o [1]
TaskRunStatus           0x2000e82c     0x4  Data  Gb  DataHandle.o [1]
Task_DataHandle_Stk     0x2000d544   0x2a0  Data  Gb  DataHandle.o [1]
Test_DataHandle_CreateTxData
                        0x0800456f   0x3f2  Code  Gb  DataHandle.o [1]
Timer1ms                0x2000e878     0x4  Data  Gb  Timer.o [1]
Timer2_Init             0x08010bd9    0x64  Code  Gb  Timer.o [1]
UART4_IRQHandler        0x0800fc75     0xe  Code  Gb  SerialPort.o [1]
UART5_IRQHandler        0x0800fc83     0xe  Code  Gb  SerialPort.o [1]
USART1_IRQHandler       0x0800fc4b     0xe  Code  Gb  SerialPort.o [1]
USART2_IRQHandler       0x0800fc59     0xe  Code  Gb  SerialPort.o [1]
USART3_IRQHandler       0x0800fc67     0xe  Code  Gb  SerialPort.o [1]
USART_ClearITPendingBit
                        0x080105a5    0x1e  Code  Gb  stm32f10x_usart.o [1]
USART_Cmd               0x080104a9    0x1c  Code  Gb  stm32f10x_usart.o [1]
USART_GetFlagStatus     0x08010527    0x1a  Code  Gb  stm32f10x_usart.o [1]
USART_GetITStatus       0x08010541    0x64  Code  Gb  stm32f10x_usart.o [1]
USART_ITConfig          0x080104c5    0x52  Code  Gb  stm32f10x_usart.o [1]
USART_Init              0x080103e9    0xba  Code  Gb  stm32f10x_usart.o [1]
USART_ReceiveData       0x0801051f     0x8  Code  Gb  stm32f10x_usart.o [1]
USART_SendData          0x08010517     0x8  Code  Gb  stm32f10x_usart.o [1]
USB_Init                0x080105c5    0x40  Code  Gb  usb_init.o [1]
USB_Istr                0x0801160d    0x4c  Code  Gb  usb_istr.o [1]
USB_LP_CAN1_RX0_IRQHandler
                        0x08011797     0x8  Code  Gb  stm32f10x_it.o [1]
Uart_Config             0x0800fcd5   0x3c8  Code  Lc  SerialPort.o [1]
Uart_IRQHandler         0x0800fb53    0xf8  Code  Gb  SerialPort.o [1]
Uart_ParameterInit      0x0800fc91    0x44  Code  Lc  SerialPort.o [1]
Uart_RfTx_Filter        0x0800753e     0x2  Data  Gb  DataHandle.o [1]
Uart_RxProc             0x0800fa63    0x96  Code  Gb  SerialPort.o [1]
Uart_TxProc             0x0800faf9    0x5a  Code  Gb  SerialPort.o [1]
Uint16ToString          0x0800782b    0x52  Code  Gb  Common.o [1]
UsageFault_Handler      0x08011781     0x2  Code  Gb  stm32f10x_it.o [1]
Usb_Config              0x0801009d    0x2e  Code  Gb  SerialPort.o [1]
Usb_RxProc              0x080100cb    0xb2  Code  Gb  SerialPort.o [1]
Usb_TxProc              0x0801017d    0x86  Code  Gb  SerialPort.o [1]
UserToPMABufferCopy     0x0800f889    0x32  Code  Gb  usb_mem.o [1]
User_Standard_Requests  0x200000c8    0x24  Data  Gb  usb_prop.o [1]
__NVIC_SystemReset      0x08010ad3    0x1c  Code  Lc  Bsp.o [1]
__aeabi_memset          0x080077c5          Code  Gb  ABImemset.o [4]
__cmain                 0x08011a25          Code  Gb  cmain.o [4]
__exit                  0x08011a55    0x14  Code  Gb  exit.o [5]
__iar_Memset            0x080077c5          Code  Gb  ABImemset.o [4]
__iar_Memset_word       0x080077cd          Code  Gb  ABImemset.o [4]
__iar_Strchr            0x0800ea11          Code  Gb  strchr.o [4]
__iar_Strstr            0x0800e9e1    0x2e  Code  Gb  strstr.o [3]
__iar_data_init3        0x080117c9    0x28  Code  Gb  data_init.o [4]
__iar_lz77_init_single3
                        0x08011595    0x78  Code  Gb  lz77_init_single.o [4]
__iar_program_start     0x08011f5d          Code  Gb  cstartup_M.o [4]
__iar_unaligned___aeabi_memcpy
                        0x08007541          Code  Gb  ABImemcpy_unaligned.o [4]
__iar_unaligned___aeabi_memcpy4
                        0x08007561          Code  Gb  ABImemcpy_unaligned.o [4]
__iar_unaligned___aeabi_memcpy8
                        0x08007561          Code  Gb  ABImemcpy_unaligned.o [4]
__iar_unaligned_memcmp  0x080074dd          Code  Gb  memcmp_unaligned.o [4]
__iar_unaligned_strcpy  0x0800d291          Code  Gb  strcpy_unaligned.o [4]
__iar_zero_init3        0x08011699    0x40  Code  Gb  zero_init3.o [4]
__low_level_init        0x08011a3f     0x4  Code  Gb  low_level_init.o [3]
__vector_table          0x08004000          Data  Gb  startup_stm32f10x_hd.o [1]
_call_main              0x08011a31          Code  Gb  cmain.o [4]
_exit                   0x08011a49          Code  Gb  cexit.o [4]
_main                   0x08011a3b          Code  Gb  cmain.o [4]
bDeviceState            0x2000e890     0x4  Data  Gb  usb_pwr.o [1]
exit                    0x08011a43     0x4  Code  Gb  exit.o [3]
main                    0x08011165    0x1c  Code  Gb  Main.o [1]
pEpInt_IN               0x2000005c    0x1c  Data  Gb  usb_istr.o [1]
pEpInt_OUT              0x20000078    0x1c  Data  Gb  usb_istr.o [1]
pInformation            0x2000e880     0x4  Data  Gb  usb_init.o [1]
pProperty               0x2000e884     0x4  Data  Gb  usb_init.o [1]
pUser_Standard_Requests
                        0x2000e888     0x4  Data  Gb  usb_init.o [1]
strcat                  0x0800e609    0x1c  Code  Gb  strcat.o [3]
strchr                  0x0800ea11          Code  Gb  strchr.o [4]
strlen                  0x0800d259          Code  Gb  strlen.o [4]
strncmp                 0x0800e5dd    0x2c  Code  Gb  strncmp.o [3]
strstr                  0x0800e5d5     0x8  Code  Gb  Gprs.o [1]
wInterrupt_Mask         0x2000e896     0x2  Data  Gb  usb_init.o [1]
wIstr                   0x2000e89c     0x2  Data  Gb  usb_istr.o [1]


[1] = D:\sunray\code\ConcentratorNetWork---SYRUNS\App\Project\Debug\Obj
[2] = command line
[3] = dl7M_tln.a
[4] = rt7M_tl.a
[5] = shb_l.a

  55 036 bytes of readonly  code memory
   2 759 bytes of readonly  data memory
  59 561 bytes of readwrite data memory

Errors: none
Warnings: none
